// Jest Snapshot v1, https://goo.gl/fbAQLP

exports[`renders component 1`] = `
<div>
  <h2>
    10Â°c
  </h2>
  <h3>
    Toronto
  </h3>
</div>
`;
